{ "ts": "Invalid logs" }
{ "invalid": "json" 
{                          "logger": "http.log.access.log0", "msg": "handled request", "request": { "proto": "HTTP/2.0", "method": "GET", "uri": "/", "remote_ip":"172.74.96.35", "remote_port":"48322" }, "status": 200 }
{ "ts": 1621234567.123456,                                   "msg": "handled request", "request": { "proto": "HTTP/2.0", "method": "GET", "uri": "/", "remote_ip":"172.74.96.35", "remote_port":"48322" }, "status": 200 }
{ "ts": 1621234567.123456, "logger": "http.log.access.log0",                           "request": { "proto": "HTTP/2.0", "method": "GET", "uri": "/", "remote_ip":"172.74.96.35", "remote_port":"48322" }, "status": 200 }
{ "ts": 1621234567.123456, "logger": "http.log.access.log0", "msg": "handled request",                                                                                                                     "status": 200 }
{ "ts": 1621234567.123456, "logger": "http.log.access.log0", "msg": "handled request", "request": {                      "method": "GET", "uri": "/", "remote_ip":"172.74.96.35", "remote_port":"48322" }, "status": 200 }
{ "ts": 1621234567.123456, "logger": "http.log.access.log0", "msg": "handled request", "request": { "proto": "HTTP/2.0",                  "uri": "/", "remote_ip":"172.74.96.35", "remote_port":"48322" }, "status": 200 }
{ "ts": 1621234567.123456, "logger": "http.log.access.log0", "msg": "handled request", "request": { "proto": "HTTP/2.0", "method": "GET",             "remote_ip":"172.74.96.35", "remote_port":"48322" }, "status": 200 }
{ "ts": 1621234567.123456, "logger": "http.log.access.log0", "msg": "handled request", "request": { "proto": "HTTP/2.0", "method": "GET", "uri": "/",                             "remote_port":"48322" }, "status": 200 }
{ "ts": 1621234567.123456, "logger": "http.log.access.log0", "msg": "handled request", "request": { "proto": "HTTP/2.0", "method": "GET", "uri": "/", "remote_ip":"172.74.96.35"                        }, "status": 200 }
{ "ts": 1621234567.123456, "logger": "http.log.access.log0", "msg": "handled request", "request": { "proto": "HTTP/2.0", "method": "GET", "uri": "/", "remote_ip":"172.74.96.35", "remote_port":"48322" }                }
{ "ts": "invalid_type"   , "logger": "http.log.access.log0", "msg": "handled request", "request": { "proto": "HTTP/2.0", "method": "GET", "uri": "/", "remote_ip":"172.74.96.35", "remote_port":"48322" }, "status": 200 }
{ "ts": 1621234567.123456, "logger": "http.log.access.log0", "msg": "handled request", "request": { "proto": "HTTP/2.0", "method": "GET", "uri": "/", "remote_ip":"172.74.96.35", "remote_port":"48322" }, "status": "invalid_type" }
{ "ts": 1621234567.123456, "logger": "some.other.logger"   , "msg": "handled request", "request": { "proto": "HTTP/2.0", "method": "GET", "uri": "/", "remote_ip":"172.74.96.35", "remote_port":"48322" }, "status": 200 }
{ "ts": 1621234567.123456, "logger": "http.log.access.log0", "msg": "some other msg" , "request": { "proto": "HTTP/2.0", "method": "GET", "uri": "/", "remote_ip":"172.74.96.35", "remote_port":"48322" }, "status": 200 }
{ "ts": "DST" }
{ "ts": 1741505400, "logger": "http.log.access.log0", "msg": "handled request", "request": { "proto": "HTTP/2.0", "method": "GET", "uri": "/", "remote_ip":"172.74.96.35", "remote_port":"48322" }, "status": 200 }
{ "ts": 1762065000, "logger": "http.log.access.log0", "msg": "handled request", "request": { "proto": "HTTP/2.0", "method": "GET", "uri": "/", "remote_ip":"172.74.96.35", "remote_port":"48322" }, "status": 200 }
{ "ts": "Various paths" }
{ "ts": 1621234567.123456, "logger": "http.log.access.log0", "msg": "handled request", "request": { "proto": "HTTP/2.0", "method": "GET", "uri": "/"                             , "remote_ip":"172.74.96.35", "remote_port":"48322" }, "status": 200 }
{ "ts": 1621234567.123456, "logger": "http.log.access.log0", "msg": "handled request", "request": { "proto": "HTTP/2.0", "method": "GET", "uri": "/some/path"                    , "remote_ip":"172.74.96.35", "remote_port":"48322" }, "status": 200 }
{ "ts": 1621234567.123456, "logger": "http.log.access.log0", "msg": "handled request", "request": { "proto": "HTTP/2.0", "method": "GET", "uri": "/some/path/page.html"          , "remote_ip":"172.74.96.35", "remote_port":"48322" }, "status": 200 }
{ "ts": 1621234567.123456, "logger": "http.log.access.log0", "msg": "handled request", "request": { "proto": "HTTP/2.0", "method": "GET", "uri": "/.path/.with/.many/.per.iods"  , "remote_ip":"172.74.96.35", "remote_port":"48322" }, "status": 200 }
{ "ts": 1621234567.123456, "logger": "http.log.access.log0", "msg": "handled request", "request": { "proto": "HTTP/2.0", "method": "GET", "uri": "/.period/but-not-in-filename"  , "remote_ip":"172.74.96.35", "remote_port":"48322" }, "status": 200 }
{ "ts": 1621234567.123456, "logger": "http.log.access.log0", "msg": "handled request", "request": { "proto": "HTTP/2.0", "method": "GET", "uri": "//slashes///all/overrr//"      , "remote_ip":"172.74.96.35", "remote_port":"48322" }, "status": 200 }
{ "ts": 1621234567.123456, "logger": "http.log.access.log0", "msg": "handled request", "request": { "proto": "HTTP/2.0", "method": "GET", "uri": "no-slashes"                    , "remote_ip":"172.74.96.35", "remote_port":"48322" }, "status": 200 }
{ "ts": 1621234567.123456, "logger": "http.log.access.log0", "msg": "handled request", "request": { "proto": "HTTP/2.0", "method": "GET", "uri": ".period.no.slash"              , "remote_ip":"172.74.96.35", "remote_port":"48322" }, "status": 200 }
{ "ts": 1621234567.123456, "logger": "http.log.access.log0", "msg": "handled request", "request": { "proto": "HTTP/2.0", "method": "GET", "uri": ".just-one-period-no-slash"     , "remote_ip":"172.74.96.35", "remote_port":"48322" }, "status": 200 }
{ "ts": 1621234567.123456, "logger": "http.log.access.log0", "msg": "handled request", "request": { "proto": "HTTP/2.0", "method": "GET", "uri": "/path%20with%20spaces"         , "remote_ip":"172.74.96.35", "remote_port":"48322" }, "status": 200 }
{ "ts": "Various HTTP versions/methods/statuses" }
{ "ts": 1621234567.123456, "logger": "http.log.access.log0", "msg": "handled request", "request": { "proto": "HTTP/1.0", "method": "GET"   , "uri": "/", "remote_ip":"172.74.96.35", "remote_port":"48322" }, "status": 100 }
{ "ts": 1621234567.123456, "logger": "http.log.access.log0", "msg": "handled request", "request": { "proto": "HTTP/1.1", "method": "POST"  , "uri": "/", "remote_ip":"172.74.96.35", "remote_port":"48322" }, "status": 200 }
{ "ts": 1621234567.123456, "logger": "http.log.access.log0", "msg": "handled request", "request": { "proto": "HTTP/2.0", "method": "HEAD"  , "uri": "/", "remote_ip":"172.74.96.35", "remote_port":"48322" }, "status": 308 }
{ "ts": 1621234567.123456, "logger": "http.log.access.log0", "msg": "handled request", "request": { "proto": "HTTP/3.0", "method": "POST"  , "uri": "/", "remote_ip":"172.74.96.35", "remote_port":"48322" }, "status": 418 }
{ "ts": 1621234567.123456, "logger": "http.log.access.log0", "msg": "handled request", "request": { "proto": "HTTP/3.0", "method": "DELETE", "uri": "/", "remote_ip":"172.74.96.35", "remote_port":"48322" }, "status": 500 }
{ "ts": "Real-world log entries" }
{ "level":"info", "ts":1729641148.0495725, "logger": "http.log.access.log0", "msg": "handled request", "request": { "remote_ip": "172.74.96.35", "remote_port": "48322", "client_ip": "172.74.96.35", "proto": "HTTP/2.0", "method": "GET", "host": "den-antares.com" ,"uri": "/","headers":{"Priority":["u=0, i"],"Accept-Encoding":["gzip, deflate, br, zstd"],"Sec-Fetch-Dest":["document"],"Sec-Fetch-Site":["none"],"Sec-Fetch-User":["?1"],"Te":["trailers"],"Accept":["text/html,application/xhtml+xml,application/xml;q=0.9,image/avif,image/webp,image/png,image/svg+xml,*/*;q=0.8"],"Accept-Language":["en-US,en;q=0.5"],"Dnt":["1"],"Cache-Control":["no-cache"],"Pragma":["no-cache"],"User-Agent":["Mozilla/5.0 (X11; Linux x86_64; rv:130.0) Gecko/20100101 Firefox/130.0"],"Upgrade-Insecure-Requests":["1"],"Sec-Fetch-Mode":["navigate"]},"tls":{"resumed":false,"version":772,"cipher_suite":4865,"proto":"h2","server_name":"den-antares.com"}},"bytes_read":0,"user_id":"","duration":0.003427014,"size":7365,"status":200,"resp_headers":{"Alt-Svc":["h3=\":443\"; ma=2592000"],"Etag":["\"slqsq45ol\""],"Content-Type":["text/html; charset=utf-8"],"Last-Modified":["Tue, 22 Oct 2024 05:32:28 GMT"],"Accept-Ranges":["bytes"],"Content-Length":["7365"],"Server":["Caddy"]}}
{ "level":"info", "ts":1729641148.147333 , "logger": "http.log.access.log0", "msg": "handled request", "request": { "remote_ip": "172.74.96.35", "remote_port": "44473", "client_ip": "172.74.96.35", "proto": "HTTP/3.0", "method": "GET", "host": "den-antares.com" ,"uri": "/buttonui.css","headers":{"User-Agent":["Mozilla/5.0 (X11; Linux x86_64; rv:130.0) Gecko/20100101 Firefox/130.0"],"Accept-Encoding":["gzip, deflate, br, zstd"],"Dnt":["1"],"Pragma":["no-cache"],"Accept-Language":["en-US,en;q=0.5"],"Sec-Fetch-Mode":["no-cors"],"Priority":["u=2"],"Accept":["text/css,*/*;q=0.1"],"Cache-Control":["no-cache"],"Referer":["https://den-antares.com/"],"Sec-Fetch-Dest":["style"],"Sec-Fetch-Site":["same-origin"]},"tls":{"resumed":false,"version":772,"cipher_suite":4865,"proto":"h3","server_name":"den-antares.com"}},"bytes_read":0,"user_id":"","duration":0.000098978,"size":3195,"status":200,"resp_headers":{"Etag":["\"slqsq42gr\""],"Content-Type":["text/css; charset=utf-8"],"Last-Modified":["Tue, 22 Oct 2024 05:32:28 GMT"],"Accept-Ranges":["bytes"],"Content-Length":["3195"],"Date":["Tue, 22 Oct 2024 23:52:28 GMT"],"Server":["Caddy"]}}
{ "level":"info", "ts":1729641148.1518981, "logger": "http.log.access.log0", "msg": "handled request", "request": { "remote_ip": "172.74.96.35", "remote_port": "44473", "client_ip": "172.74.96.35", "proto": "HTTP/3.0", "method": "GET", "host": "den-antares.com" ,"uri": "/node_modules/paraforge/viewer.js","headers":{"Dnt":["1"],"Sec-Fetch-Dest":["script"],"Sec-Fetch-Mode":["cors"],"User-Agent":["Mozilla/5.0 (X11; Linux x86_64; rv:130.0) Gecko/20100101 Firefox/130.0"],"Accept-Language":["en-US,en;q=0.5"],"Referer":["https://den-antares.com/"],"Cache-Control":["no-cache"],"Accept":["*/*"],"Alt-Used":["den-antares.com"],"Accept-Encoding":["gzip, deflate, br, zstd"],"Sec-Fetch-Site":["same-origin"],"Pragma":["no-cache"]},"tls":{"resumed":false,"version":772,"cipher_suite":4865,"proto":"h3","server_name":"den-antares.com"}},"bytes_read":0,"user_id":"","duration":0.000494384,"size":8520,"status":200,"resp_headers":{"Server":["Caddy"],"Etag":["\"sjinh96ko\""],"Content-Type":["text/javascript; charset=utf-8"],"Last-Modified":["Sun, 08 Sep 2024 22:51:09 GMT"],"Accept-Ranges":["bytes"],"Content-Length":["8520"],"Date":["Tue, 22 Oct 2024 23:52:28 GMT"]}}
{ "level":"info", "ts":1739313528.5024788, "logger": "http.log.access.log0", "msg": "handled request", "request": { "remote_ip": "172.74.96.35", "remote_port": "55734", "client_ip": "172.74.96.35", "proto": "HTTP/3.0", "method": "GET", "host": "den-antares.com" ,"uri": "/node_modules/paraforge/micropython.wasm","headers":{"Dnt":["1"],"Referer":["https://den-antares.com/index.html"],"Sec-Fetch-Mode":["cors"],"Pragma":["no-cache"],"Cache-Control":["no-cache"],"User-Agent":["Mozilla/5.0 (X11; Linux x86_64; rv:132.0) Gecko/20100101 Firefox/132.0"],"Accept-Language":["en-US,en;q=0.5"],"Accept-Encoding":["gzip, deflate, br, zstd"],"Alt-Used":["den-antares.com"],"Sec-Fetch-Site":["same-origin"],"Accept":["*/*"],"Priority":["u=4"],"Sec-Fetch-Dest":["empty"]},"tls":{"resumed":true,"version":772,"cipher_suite":4865,"proto":"h3","server_name":"den-antares.com"}},"bytes_read":0,"user_id":"","duration":0.108263829,"size":319054,"status":200,"resp_headers":{"Last-Modified":["Sun, 08 Sep 2024 22:51:09 GMT"],"Accept-Ranges":["bytes"],"Content-Length":["319054"],"Date":["Tue, 11 Feb 2025 22:38:48 GMT"],"Server":["Caddy"],"Etag":["\"sjinh96u6m\""],"Content-Type":["application/wasm"]}}
{ "level":"info", "ts":1739313528.5255585, "logger": "http.log.access.log0", "msg": "handled request", "request": { "remote_ip": "172.74.96.35", "remote_port": "55734", "client_ip": "172.74.96.35", "proto": "HTTP/3.0", "method": "GET", "host": "den-antares.com" ,"uri": "/pics/favicon-32x32-light.png","headers":{"Referer":["https://den-antares.com/index.html"],"Accept-Encoding":["gzip, deflate, br, zstd"],"Sec-Fetch-Mode":["no-cors"],"Sec-Fetch-Site":["same-origin"],"Alt-Used":["den-antares.com"],"Sec-Fetch-Dest":["image"],"Priority":["u=6"],"Accept-Language":["en-US,en;q=0.5"],"Accept":["image/avif,image/webp,image/png,image/svg+xml,image/*;q=0.8,*/*;q=0.5"],"Dnt":["1"],"User-Agent":["Mozilla/5.0 (X11; Linux x86_64; rv:132.0) Gecko/20100101 Firefox/132.0"]},"tls":{"resumed":true,"version":772,"cipher_suite":4865,"proto":"h3","server_name":"den-antares.com"}},"bytes_read":0,"user_id":"","duration":0.000196679,"size":311,"status":200,"resp_headers":{"Date":["Tue, 11 Feb 2025 22:38:48 GMT"],"Server":["Caddy"],"Etag":["\"sqd4wv8n\""],"Content-Type":["image/png"],"Last-Modified":["Mon, 20 Jan 2025 01:17:19 GMT"],"Accept-Ranges":["bytes"],"Content-Length":["311"]}}
{ "level":"info", "ts":1739313528.564509 , "logger": "http.log.access.log0", "msg": "handled request", "request": { "remote_ip": "172.74.96.35", "remote_port": "55734", "client_ip": "172.74.96.35", "proto": "HTTP/3.0", "method": "GET", "host": "den-antares.com" ,"uri": "/paraforge-scripts/first_model.pf.py","headers":{"Accept":["*/*"],"Accept-Language":["en-US,en;q=0.5"],"Dnt":["1"],"Sec-Fetch-Dest":["empty"],"Alt-Used":["den-antares.com"],"Sec-Fetch-Mode":["cors"],"If-Modified-Since":["Mon, 20 Jan 2025 01:17:19 GMT"],"Cache-Control":["max-age=0"],"User-Agent":["Mozilla/5.0 (X11; Linux x86_64; rv:132.0) Gecko/20100101 Firefox/132.0"],"Referer":["https://den-antares.com/index.html"],"Sec-Fetch-Site":["same-origin"],"If-None-Match":["\"sqd4wvgz\""],"Accept-Encoding":["gzip, deflate, br, zstd"],"Priority":["u=4"]},"tls":{"resumed":true,"version":772,"cipher_suite":4865,"proto":"h3","server_name":"den-antares.com"}},"bytes_read":0,"user_id":"","duration":0.000098003,"size":0,"status":304,"resp_headers":{"Server":["Caddy"],"Etag":["\"sqd4wvgz\""],"Date":["Tue, 11 Feb 2025 22:38:48 GMT"]}}
{ "level":"info", "ts":1739313571.1569743, "logger": "http.log.access.log0", "msg": "handled request", "request": { "remote_ip": "172.74.96.35", "remote_port": "41443", "client_ip": "172.74.96.35", "proto": "HTTP/3.0", "method": "GET", "host": "den-antares.com" ,"uri": "/posts/2024-11-08-How-Many-Zebras-Are-In-Your-Data-Center.html","headers":{"User-Agent":["Mozilla/5.0 (X11; Linux x86_64; rv:132.0) Gecko/20100101 Firefox/132.0"],"Accept-Language":["en-US,en;q=0.5"],"Sec-Fetch-Dest":["document"],"Sec-Fetch-Site":["same-origin"],"Accept":["text/html,application/xhtml+xml,application/xml;q=0.9,*/*;q=0.8"],"Accept-Encoding":["gzip, deflate, br, zstd"],"Upgrade-Insecure-Requests":["1"],"Priority":["u=0, i"],"Referer":["https://den-antares.com/index.html"],"Sec-Fetch-User":["?1"],"Dnt":["1"],"Alt-Used":["den-antares.com"],"Sec-Fetch-Mode":["navigate"]},"tls":{"resumed":true,"version":772,"cipher_suite":4865,"proto":"h3","server_name":"den-antares.com"}},"bytes_read":0,"user_id":"","duration":0.023503882,"size":5743,"status":200,"resp_headers":{"Server":["Caddy"],"Etag":["\"sqd4wv4fj\""],"Content-Type":["text/html; charset=utf-8"],"Last-Modified":["Mon, 20 Jan 2025 01:17:19 GMT"],"Accept-Ranges":["bytes"],"Content-Length":["5743"],"Date":["Tue, 11 Feb 2025 22:39:31 GMT"]}}
{"level":"info","ts":1739610505.1615922,"logger":"http.log.access.log0","msg":"handled request","request":{"remote_ip":"196.251.81.69","remote_port":"50116","client_ip":"196.251.81.69","proto":"HTTP/1.1","method":"GET","host":"den-antares.com","uri":"/","headers":{"User-Agent":["Mozilla/5.0 (X11; U; Linux x86_64; en-US; rv:1.9.2.6) Gecko/20100628 Ubuntu/10.04 (lucid) Firefox/3.6.6"],"Connection":["close"],"Accept":["*/*"],"Accept-Language":["en"],"Accept-Encoding":["gzip"]}},"bytes_read":0,"user_id":"","duration":0.000045024,"size":0,"status":308,"resp_headers":{"Server":["Caddy"],"Connection":["close"],"Location":["https://den-antares.com/"],"Content-Type":[]}}
{"level":"info","ts":1739610505.8311486,"logger":"http.log.access.log0","msg":"handled request","request":{"remote_ip":"196.251.81.69","remote_port":"35946","client_ip":"196.251.81.69","proto":"HTTP/1.1","method":"GET","host":"den-antares.com","uri":"/","headers":{"User-Agent":["Mozilla/5.0 (X11; U; Linux x86_64; en-US; rv:1.9.2.6) Gecko/20100628 Ubuntu/10.04 (lucid) Firefox/3.6.6"],"Accept":["*/*"],"Accept-Language":["en"],"Referer":["http://den-antares.com"],"Accept-Encoding":["gzip"],"Connection":["close"]},"tls":{"resumed":false,"version":772,"cipher_suite":4865,"proto":"","server_name":"den-antares.com"}},"bytes_read":0,"user_id":"","duration":0.000251001,"size":9319,"status":200,"resp_headers":{"Server":["Caddy"],"Alt-Svc":["h3=\":443\"; ma=2592000"],"Etag":["\"sqd4wv76v\""],"Content-Type":["text/html; charset=utf-8"],"Last-Modified":["Mon, 20 Jan 2025 01:17:19 GMT"],"Accept-Ranges":["bytes"],"Content-Length":["9319"]}}
{"level":"info","ts":1739611642.0287242,"logger":"http.log.access.log0","msg":"handled request","request":{"remote_ip":"195.191.219.132","remote_port":"40910","client_ip":"195.191.219.132","proto":"HTTP/1.1","method":"GET","host":"den-antares.com","uri":"/robots.txt","headers":{"Accept":["*/*"],"User-Agent":["Mozilla/5.0 (compatible; MJ12bot/v1.4.8; http://mj12bot.com/)"],"Connection":["keep-alive"]}},"bytes_read":0,"user_id":"","duration":0.000033423,"size":0,"status":308,"resp_headers":{"Server":["Caddy"],"Connection":["close"],"Location":["https://den-antares.com/robots.txt"],"Content-Type":[]}}
{"level":"error","ts":1739611642.913051,"logger":"http.log.access.log0","msg":"handled request","request":{"remote_ip":"195.191.219.132","remote_port":"10600","client_ip":"195.191.219.132","proto":"HTTP/1.1","method":"GET","host":"den-antares.com","uri":"/robots.txt","headers":{"Accept":["*/*"],"User-Agent":["Mozilla/5.0 (compatible; MJ12bot/v1.4.8; http://mj12bot.com/)"],"Connection":["keep-alive"]},"tls":{"resumed":false,"version":771,"cipher_suite":49195,"proto":"","server_name":"den-antares.com"}},"bytes_read":0,"user_id":"","duration":0.000051958,"size":0,"status":404,"resp_headers":{"Server":["Caddy"],"Alt-Svc":["h3=\":443\"; ma=2592000"]}}
{"level":"info","ts":1739611644.7381346,"logger":"http.log.access.log0","msg":"handled request","request":{"remote_ip":"195.191.219.132","remote_port":"40924","client_ip":"195.191.219.132","proto":"HTTP/1.1","method":"GET","host":"den-antares.com","uri":"/","headers":{"Accept-Encoding":["br,gzip"],"Accept-Language":["en"],"Accept":["text/html,text/plain,text/xml,text/*,application/xml,application/xhtml+xml,application/rss+xml,application/atom+xml,application/rdf+xml,application/php,application/x-php,application/x-httpd-php"],"User-Agent":["Mozilla/5.0 (compatible; MJ12bot/v1.4.8; http://mj12bot.com/)"]}},"bytes_read":0,"user_id":"","duration":0.000066164,"size":0,"status":308,"resp_headers":{"Server":["Caddy"],"Connection":["close"],"Location":["https://den-antares.com/"],"Content-Type":[]}}
{"level":"info","ts":1739611646.6443207,"logger":"http.log.access.log0","msg":"handled request","request":{"remote_ip":"195.191.219.132","remote_port":"10600","client_ip":"195.191.219.132","proto":"HTTP/1.1","method":"GET","host":"den-antares.com","uri":"/","headers":{"Accept":["text/html,text/plain,text/xml,text/*,application/xml,application/xhtml+xml,application/rss+xml,application/atom+xml,application/rdf+xml,application/php,application/x-php,application/x-httpd-php"],"User-Agent":["Mozilla/5.0 (compatible; MJ12bot/v1.4.8; http://mj12bot.com/)"],"Accept-Encoding":["br,gzip"],"Accept-Language":["en"]},"tls":{"resumed":false,"version":771,"cipher_suite":49195,"proto":"","server_name":"den-antares.com"}},"bytes_read":0,"user_id":"","duration":0.000342552,"size":9319,"status":200,"resp_headers":{"Last-Modified":["Mon, 20 Jan 2025 01:17:19 GMT"],"Accept-Ranges":["bytes"],"Content-Length":["9319"],"Server":["Caddy"],"Alt-Svc":["h3=\":443\"; ma=2592000"],"Etag":["\"sqd4wv76v\""],"Content-Type":["text/html; charset=utf-8"]}}
{"level":"info","ts":1739613875.0961254,"logger":"http.log.access.log0","msg":"handled request","request":{"remote_ip":"93.158.91.24","remote_port":"43637","client_ip":"93.158.91.24","proto":"HTTP/1.1","method":"GET","host":"den-antares.com","uri":"/","headers":{"User-Agent":["Mozilla/5.0 (Windows NT 10.0; Win64; x64) AppleWebKit/537.36 (KHTML, like Gecko) Chrome/105.0.0.0 Safari/537.36"],"Accept-Encoding":["gzip, deflate"],"Accept-Language":["en-US"],"Accept":["*/*"]},"tls":{"resumed":false,"version":772,"cipher_suite":4865,"proto":"","server_name":"den-antares.com"}},"bytes_read":0,"user_id":"","duration":0.000212868,"size":9319,"status":200,"resp_headers":{"Server":["Caddy"],"Alt-Svc":["h3=\":443\"; ma=2592000"],"Etag":["\"sqd4wv76v\""],"Content-Type":["text/html; charset=utf-8"],"Last-Modified":["Mon, 20 Jan 2025 01:17:19 GMT"],"Accept-Ranges":["bytes"],"Content-Length":["9319"]}}
{"level":"info","ts":1739613875.5070622,"logger":"http.log.access.log0","msg":"handled request","request":{"remote_ip":"93.158.91.24","remote_port":"58227","client_ip":"93.158.91.24","proto":"HTTP/1.1","method":"GET","host":"den-antares.com","uri":"/pics/favicon-32x32-dark.png","headers":{"Accept-Language":["en-US"],"Accept":["*/*"],"User-Agent":["Mozilla/5.0 (Windows NT 10.0; Win64; x64) AppleWebKit/537.36 (KHTML, like Gecko) Chrome/105.0.0.0 Safari/537.36"],"Accept-Encoding":["gzip, deflate"]},"tls":{"resumed":false,"version":772,"cipher_suite":4865,"proto":"","server_name":"den-antares.com"}},"bytes_read":0,"user_id":"","duration":0.000137207,"size":302,"status":200,"resp_headers":{"Content-Length":["302"],"Server":["Caddy"],"Alt-Svc":["h3=\":443\"; ma=2592000"],"Etag":["\"sqd4wv8e\""],"Content-Type":["image/png"],"Last-Modified":["Mon, 20 Jan 2025 01:17:19 GMT"],"Accept-Ranges":["bytes"]}}
{"level":"error","ts":1739614360.775564,"logger":"http.log.access.log0","msg":"handled request","request":{"remote_ip":"4.227.36.72","remote_port":"49576","client_ip":"4.227.36.72","proto":"HTTP/2.0","method":"GET","host":"den-antares.com","uri":"/robots.txt","headers":{"Accept-Encoding":["gzip, br, deflate"],"X-Openai-Host-Hash":["106799934"],"Accept":["*/*"],"From":["gptbot(at)openai.com"],"User-Agent":["Mozilla/5.0 AppleWebKit/537.36 (KHTML, like Gecko; compatible; GPTBot/1.2; +https://openai.com/gptbot)"]},"tls":{"resumed":false,"version":772,"cipher_suite":4865,"proto":"h2","server_name":"den-antares.com"}},"bytes_read":0,"user_id":"","duration":0.000052678,"size":0,"status":404,"resp_headers":{"Server":["Caddy"],"Alt-Svc":["h3=\":443\"; ma=2592000"]}}
{"level":"info","ts":1739614375.6015282,"logger":"http.log.access.log0","msg":"handled request","request":{"remote_ip":"20.171.207.5","remote_port":"35312","client_ip":"20.171.207.5","proto":"HTTP/2.0","method":"GET","host":"den-antares.com","uri":"/","headers":{"X-Openai-Host-Hash":["106799934"],"Accept":["*/*"],"From":["gptbot(at)openai.com"],"User-Agent":["Mozilla/5.0 AppleWebKit/537.36 (KHTML, like Gecko; compatible; GPTBot/1.2; +https://openai.com/gptbot)"],"Accept-Encoding":["gzip, br, deflate"]},"tls":{"resumed":false,"version":772,"cipher_suite":4865,"proto":"h2","server_name":"den-antares.com"}},"bytes_read":0,"user_id":"","duration":0.000248607,"size":9319,"status":200,"resp_headers":{"Server":["Caddy"],"Alt-Svc":["h3=\":443\"; ma=2592000"],"Etag":["\"sqd4wv76v\""],"Content-Type":["text/html; charset=utf-8"],"Last-Modified":["Mon, 20 Jan 2025 01:17:19 GMT"],"Accept-Ranges":["bytes"],"Content-Length":["9319"]}}
{"level":"info","ts":1739623041.1370916,"logger":"http.log.access.log0","msg":"handled request","request":{"remote_ip":"178.20.47.92","remote_port":"50906","client_ip":"178.20.47.92","proto":"HTTP/1.1","method":"GET","host":"den-antares.com","uri":"/","headers":{"Connection":["close"],"Upgrade-Insecure-Requests":["1"],"Accept-Encoding":["gzip"],"User-Agent":["Mozilla/5.0 (Windows NT 10.0; Win64; x64) AppleWebKit/537.36 (KHTML, like Gecko) Chrome/120.0.0.0 Safari/537.36"],"Accept":["*/*"],"Accept-Language":["en-US,en;q=0.9"],"Cache-Control":["max-age=0"]},"tls":{"resumed":false,"version":772,"cipher_suite":4865,"proto":"","server_name":"den-antares.com"}},"bytes_read":0,"user_id":"","duration":0.000163627,"size":9319,"status":200,"resp_headers":{"Alt-Svc":["h3=\":443\"; ma=2592000"],"Etag":["\"sqd4wv76v\""],"Content-Type":["text/html; charset=utf-8"],"Last-Modified":["Mon, 20 Jan 2025 01:17:19 GMT"],"Accept-Ranges":["bytes"],"Content-Length":["9319"],"Server":["Caddy"]}}
{"level":"info","ts":1739628031.8812385,"logger":"http.log.access.log0","msg":"handled request","request":{"remote_ip":"222.79.104.23","remote_port":"37648","client_ip":"222.79.104.23","proto":"HTTP/1.1","method":"GET","host":"den-antares.com","uri":"/","headers":{"Pragma":["no-cache"],"Upgrade-Insecure-Requests":["1"],"Accept":["text/html,application/xhtml+xml,application/xml;q=0.9,image/avif,image/webp,image/apng,*/*;q=0.8,application/signed-exchange;v=b3;q=0.7"],"Accept-Language":["zh-CN,zh;q=0.9,en-US;q=0.8,en;q=0.7"],"Connection":["keep-alive","close"],"User-Agent":["Mozilla/5.0 (iPhone; CPU iPhone OS 13_2_3 like Mac OS X) AppleWebKit/605.1.15 (KHTML, like Gecko) Version/13.0.3 Mobile/15E148 Safari/604.1"],"Accept-Encoding":["gzip"],"Cache-Control":["no-cache"]}},"bytes_read":0,"user_id":"","duration":0.0000534,"size":0,"status":308,"resp_headers":{"Location":["https://den-antares.com/"],"Content-Type":[],"Server":["Caddy"],"Connection":["close"]}}
{"level":"info","ts":1739628035.9493268,"logger":"http.log.access.log0","msg":"handled request","request":{"remote_ip":"222.79.104.23","remote_port":"57153","client_ip":"222.79.104.23","proto":"HTTP/1.1","method":"GET","host":"den-antares.com","uri":"/","headers":{"Accept-Encoding":["gzip"],"Cache-Control":["no-cache"],"Pragma":["no-cache"],"Referer":["http://den-antares.com"],"User-Agent":["Mozilla/5.0 (iPhone; CPU iPhone OS 13_2_3 like Mac OS X) AppleWebKit/605.1.15 (KHTML, like Gecko) Version/13.0.3 Mobile/15E148 Safari/604.1"],"Accept":["text/html,application/xhtml+xml,application/xml;q=0.9,image/avif,image/webp,image/apng,*/*;q=0.8,application/signed-exchange;v=b3;q=0.7"],"Accept-Language":["zh-CN,zh;q=0.9,en-US;q=0.8,en;q=0.7"],"Connection":["keep-alive","close"],"Upgrade-Insecure-Requests":["1"]},"tls":{"resumed":false,"version":772,"cipher_suite":4865,"proto":"","server_name":"den-antares.com"}},"bytes_read":0,"user_id":"","duration":0.000253726,"size":9319,"status":200,"resp_headers":{"Last-Modified":["Mon, 20 Jan 2025 01:17:19 GMT"],"Accept-Ranges":["bytes"],"Content-Length":["9319"],"Server":["Caddy"],"Alt-Svc":["h3=\":443\"; ma=2592000"],"Etag":["\"sqd4wv76v\""],"Content-Type":["text/html; charset=utf-8"]}}
{"level":"info","ts":1739629878.172693,"logger":"http.log.access.log0","msg":"handled request","request":{"remote_ip":"206.123.153.69","remote_port":"63247","client_ip":"206.123.153.69","proto":"HTTP/1.0","method":"GET","host":"den-antares.com","uri":"/","headers":{"Accept":["text/html,application/xhtml+xml,application/xml;q=0.9,image/webp,*/*;q=0.8"],"User-Agent":["Mozilla/5.0 (Windows NT 10.0; Win64; x64) AppleWebKit/537.36 (KHTML, like Gecko) Chrome/130.0.0.0 Safari/537.36"],"Referer":["http://den-antares.com/"],"Connection":["close"]}},"bytes_read":0,"user_id":"","duration":0.000034436,"size":0,"status":308,"resp_headers":{"Content-Type":[],"Server":["Caddy"],"Connection":["close"],"Location":["https://den-antares.com/"]}}
{"level":"info","ts":1739629878.7986846,"logger":"http.log.access.log0","msg":"handled request","request":{"remote_ip":"206.123.153.69","remote_port":"63280","client_ip":"206.123.153.69","proto":"HTTP/1.0","method":"GET","host":"den-antares.com","uri":"/","headers":{"Connection":["close"],"Accept":["text/html,application/xhtml+xml,application/xml;q=0.9,image/webp,*/*;q=0.8"],"User-Agent":["Mozilla/5.0 (Windows NT 10.0; Win64; x64) AppleWebKit/537.36 (KHTML, like Gecko) Chrome/130.0.0.0 Safari/537.36"],"Referer":["https://den-antares.com/"]},"tls":{"resumed":false,"version":771,"cipher_suite":49195,"proto":"","server_name":"den-antares.com"}},"bytes_read":0,"user_id":"","duration":0.000389181,"size":9319,"status":200,"resp_headers":{"Etag":["\"sqd4wv76v\""],"Content-Type":["text/html; charset=utf-8"],"Last-Modified":["Mon, 20 Jan 2025 01:17:19 GMT"],"Accept-Ranges":["bytes"],"Content-Length":["9319"],"Server":["Caddy"],"Alt-Svc":["h3=\":443\"; ma=2592000"]}}
{"level":"info","ts":1739638622.8674095,"logger":"http.log.access.log0","msg":"handled request","request":{"remote_ip":"124.243.173.199","remote_port":"41778","client_ip":"124.243.173.199","proto":"HTTP/2.0","method":"GET","host":"den-antares.com","uri":"/posts/2024-10-22-Navigating-the-Passkey-Minefield.html","headers":{"Accept":["*/*"],"Accept-Encoding":["gzip, deflate, br"],"Referer":["https://den-antares.com/posts/2024-10-22-Navigating-the-Passkey-Minefield.html"],"Sec-Fetch-Dest":["document"],"Sec-Ch-Ua-Mobile":["?0"],"Sec-Fetch-Site":["none"],"Sec-Fetch-Mode":["navigate"],"Sec-Fetch-User":["?1"],"Accept-Language":["zh-CN"],"Cookie":[],"Sec-Ch-Ua":["\" Not A;Brand\";v=\"99\", \"Chromium\";v=\"101\", \"Google Chrome\";v=\"101\""],"Sec-Ch-Ua-Platform":["\"Windows\""],"Upgrade-Insecure-Requests":["1"],"User-Agent":["Mozilla/5.0 (Windows NT 10.0; Win64; x64) AppleWebKit/537.36 (KHTML, like Gecko) Chrome/101.0.4951.67 Safari/537.36"]},"tls":{"resumed":false,"version":772,"cipher_suite":4865,"proto":"h2","server_name":"den-antares.com"}},"bytes_read":0,"user_id":"","duration":0.000498225,"size":55808,"status":200,"resp_headers":{"Last-Modified":["Mon, 20 Jan 2025 01:17:19 GMT"],"Accept-Ranges":["bytes"],"Content-Length":["55808"],"Server":["Caddy"],"Alt-Svc":["h3=\":443\"; ma=2592000"],"Etag":["\"sqd4wv1728\""],"Content-Type":["text/html; charset=utf-8"]}}
{"level":"info","ts":1739648911.907,"logger":"http.log.access.log0","msg":"handled request","request":{"remote_ip":"43.153.12.58","remote_port":"60746","client_ip":"43.153.12.58","proto":"HTTP/1.1","method":"GET","host":"den-antares.com","uri":"/","headers":{"Connection":["keep-alive","close"],"User-Agent":["Mozilla/5.0 (iPhone; CPU iPhone OS 13_2_3 like Mac OS X) AppleWebKit/605.1.15 (KHTML, like Gecko) Version/13.0.3 Mobile/15E148 Safari/604.1"],"Accept":["text/html,application/xhtml+xml,application/xml;q=0.9,image/avif,image/webp,image/apng,*/*;q=0.8,application/signed-exchange;v=b3;q=0.7"],"Accept-Language":["zh-CN,zh;q=0.9,en-US;q=0.8,en;q=0.7"],"Cache-Control":["no-cache"],"Pragma":["no-cache"],"Upgrade-Insecure-Requests":["1"],"Accept-Encoding":["gzip"]}},"bytes_read":0,"user_id":"","duration":0.000035337,"size":0,"status":308,"resp_headers":{"Server":["Caddy"],"Connection":["close"],"Location":["https://den-antares.com/"],"Content-Type":[]}}
{"level":"info","ts":1739648913.8032827,"logger":"http.log.access.log0","msg":"handled request","request":{"remote_ip":"43.153.12.58","remote_port":"42978","client_ip":"43.153.12.58","proto":"HTTP/1.1","method":"GET","host":"den-antares.com","uri":"/","headers":{"Accept":["text/html,application/xhtml+xml,application/xml;q=0.9,image/avif,image/webp,image/apng,*/*;q=0.8,application/signed-exchange;v=b3;q=0.7"],"Accept-Encoding":["gzip"],"Connection":["keep-alive","close"],"Referer":["http://den-antares.com"],"Pragma":["no-cache"],"Upgrade-Insecure-Requests":["1"],"User-Agent":["Mozilla/5.0 (iPhone; CPU iPhone OS 13_2_3 like Mac OS X) AppleWebKit/605.1.15 (KHTML, like Gecko) Version/13.0.3 Mobile/15E148 Safari/604.1"],"Accept-Language":["zh-CN,zh;q=0.9,en-US;q=0.8,en;q=0.7"],"Cache-Control":["no-cache"]},"tls":{"resumed":false,"version":772,"cipher_suite":4865,"proto":"","server_name":"den-antares.com"}},"bytes_read":0,"user_id":"","duration":0.000403798,"size":9319,"status":200,"resp_headers":{"Etag":["\"sqd4wv76v\""],"Content-Type":["text/html; charset=utf-8"],"Last-Modified":["Mon, 20 Jan 2025 01:17:19 GMT"],"Accept-Ranges":["bytes"],"Content-Length":["9319"],"Server":["Caddy"],"Alt-Svc":["h3=\":443\"; ma=2592000"]}}
{"level":"info","ts":1739656306.487312,"logger":"http.log.access.log0","msg":"handled request","request":{"remote_ip":"123.160.223.73","remote_port":"53295","client_ip":"123.160.223.73","proto":"HTTP/1.1","method":"GET","host":"den-antares.com","uri":"/","headers":{"Accept-Language":["en;q=0.9"],"Dnt":["1"],"Upgrade-Insecure-Requests":["1"],"Accept-Encoding":["gzip"],"Accept":["text/html,application/xhtml+xml,application/xml;q=0.9,image/avif,image/webp,image/apng,*/*;q=0.8,application/signed-exchange;v=b3;q=0.9"],"Sec-Gpc":["1"],"User-Agent":["Mozilla/5.0 (Macintosh; Intel Mac OS X 10_15_7) AppleWebKit/537.36 (KHTML, like Gecko) Chrome/96.0.4664.110 Safari/537.36"],"Cache-Control":["max-age=0"]},"tls":{"resumed":false,"version":772,"cipher_suite":4865,"proto":"","server_name":"den-antares.com"}},"bytes_read":0,"user_id":"","duration":0.000209784,"size":9319,"status":200,"resp_headers":{"Alt-Svc":["h3=\":443\"; ma=2592000"],"Etag":["\"sqd4wv76v\""],"Content-Type":["text/html; charset=utf-8"],"Last-Modified":["Mon, 20 Jan 2025 01:17:19 GMT"],"Accept-Ranges":["bytes"],"Content-Length":["9319"],"Server":["Caddy"]}}
{"level":"info","ts":1739656308.1551626,"logger":"http.log.access.log0","msg":"handled request","request":{"remote_ip":"123.160.223.73","remote_port":"53880","client_ip":"123.160.223.73","proto":"HTTP/1.1","method":"GET","host":"den-antares.com","uri":"/pics/favicon-32x32-dark.png","headers":{"User-Agent":["Mozilla/5.0 (Macintosh; Intel Mac OS X 10_15_7) AppleWebKit/537.36 (KHTML, like Gecko) Chrome/96.0.4664.110 Safari/537.36"],"Accept":["text/html,application/xhtml+xml,application/xml;q=0.9,image/avif,image/webp,image/apng,*/*;q=0.8,application/signed-exchange;v=b3;q=0.9"],"Cache-Control":["max-age=0"],"Dnt":["1"],"Sec-Gpc":["1"],"Upgrade-Insecure-Requests":["1"],"Accept-Language":["en;q=0.9"],"Accept-Encoding":["gzip"]},"tls":{"resumed":false,"version":772,"cipher_suite":4865,"proto":"","server_name":"den-antares.com"}},"bytes_read":0,"user_id":"","duration":0.000097923,"size":302,"status":200,"resp_headers":{"Last-Modified":["Mon, 20 Jan 2025 01:17:19 GMT"],"Accept-Ranges":["bytes"],"Content-Length":["302"],"Server":["Caddy"],"Alt-Svc":["h3=\":443\"; ma=2592000"],"Etag":["\"sqd4wv8e\""],"Content-Type":["image/png"]}}
